// Jest Snapshot v1, https://goo.gl/fbAQLP

exports[`IndexToolbar expect to render 1`] = `
initialize {
  "0": Object {
    "attribs": Object {
      "class": "pf-l-toolbar pf-l-toolbar",
      "style": "text-align:right",
    },
    "children": Array [
      Object {
        "attribs": Object {
          "class": "pf-l-toolbar__group",
        },
        "children": Array [
          Object {
            "attribs": Object {
              "class": "pf-l-toolbar__item",
            },
            "children": Array [
              Object {
                "attribs": Object {
                  "aria-disabled": "false",
                  "class": "pf-c-button pf-m-primary",
                  "href": "/new",
                },
                "children": Array [
                  Object {
                    "data": "New hook",
                    "next": null,
                    "parent": [Circular],
                    "prev": null,
                    "type": "text",
                  },
                ],
                "name": "a",
                "namespace": "http://www.w3.org/1999/xhtml",
                "next": null,
                "parent": [Circular],
                "prev": null,
                "type": "tag",
                "x-attribsNamespace": Object {
                  "aria-disabled": undefined,
                  "class": undefined,
                  "href": undefined,
                },
                "x-attribsPrefix": Object {
                  "aria-disabled": undefined,
                  "class": undefined,
                  "href": undefined,
                },
              },
            ],
            "name": "div",
            "namespace": "http://www.w3.org/1999/xhtml",
            "next": null,
            "parent": [Circular],
            "prev": null,
            "type": "tag",
            "x-attribsNamespace": Object {
              "class": undefined,
            },
            "x-attribsPrefix": Object {
              "class": undefined,
            },
          },
        ],
        "name": "div",
        "namespace": "http://www.w3.org/1999/xhtml",
        "next": null,
        "parent": [Circular],
        "prev": null,
        "type": "tag",
        "x-attribsNamespace": Object {
          "class": undefined,
        },
        "x-attribsPrefix": Object {
          "class": undefined,
        },
      },
    ],
    "name": "div",
    "namespace": "http://www.w3.org/1999/xhtml",
    "next": null,
    "parent": null,
    "prev": null,
    "root": Object {
      "attribs": Object {},
      "children": Array [
        [Circular],
      ],
      "name": "root",
      "namespace": "http://www.w3.org/1999/xhtml",
      "next": null,
      "parent": null,
      "prev": null,
      "type": "root",
      "x-attribsNamespace": Object {},
      "x-attribsPrefix": Object {},
    },
    "type": "tag",
    "x-attribsNamespace": Object {
      "class": undefined,
      "style": undefined,
    },
    "x-attribsPrefix": Object {
      "class": undefined,
      "style": undefined,
    },
  },
  "_root": [Circular],
  "length": 1,
  "options": Object {
    "decodeEntities": true,
    "normalizeWhitespace": false,
    "withDomLvl1": true,
    "xml": false,
  },
}
`;
