// Jest Snapshot v1, https://goo.gl/fbAQLP

exports[`CustomObjectFieldTemplate expect to render 1`] = `
<div>
  Test Object
  This is a test
  Test Content
</div>
`;
